2025-10-22 12:43:51, MOVE, v:1, k:poo@chinela, mode:PICK
2025-10-22 12:43:52, EXEC, v:1, k:poo@chinela, mode:LOCK, rate:0, size:24
2025-10-22 12:44:46, MOVE, v:1, k:poo@chinela, mode:BACK
2025-10-22 12:44:59, MOVE, v:1, k:poo@chinela, mode:PICK
2025-10-22 12:45:00, EXEC, v:1, k:poo@chinela, mode:LOCK, rate:100, size:38
2025-10-22 12:45:13, MOVE, v:1, k:poo@chinela, mode:BACK
2025-10-22 13:02:44, MOVE, v:1, k:poo@chinela, mode:PICK
2025-10-22 13:02:45, EXEC, v:1, k:poo@chinela, mode:LOCK, rate:100
2025-10-22 13:02:46, EXEC, v:1, k:poo@chinela, mode:LOCK, rate:100
2025-10-22 13:02:55, MOVE, v:1, k:poo@chinela, mode:BACK
2025-10-22 13:13:01, MOVE, v:1, k:poo@chinela, mode:PICK
2025-10-22 13:13:03, EXEC, v:1, k:poo@chinela, mode:LOCK, rate:100
2025-10-22 13:13:04, EXEC, v:1, k:poo@chinela, mode:LOCK, rate:100
2025-10-22 13:13:20, MOVE, v:1, k:poo@chinela, mode:BACK
2025-10-22 15:14:55, MOVE, v:1, k:poo@chinela, mode:PICK
2025-10-22 15:14:56, EXEC, v:1, k:poo@chinela, mode:LOCK, rate:100
2025-10-22 15:14:57, MOVE, v:1, k:poo@chinela, mode:BACK
2025-10-22 15:19:25, MOVE, v:1, k:poo@roupa, mode:PICK
2025-10-22 15:19:26, EXEC, v:1, k:poo@roupa, mode:FULL, rate:100
2025-10-22 15:19:33, MOVE, v:1, k:poo@roupa, mode:BACK
2025-10-22 15:22:48, MOVE, v:1, k:poo@roupa, mode:PICK
2025-10-22 15:22:49, EXEC, v:1, k:poo@roupa, mode:FULL, rate:100
2025-10-22 15:22:51, MOVE, v:1, k:poo@roupa, mode:BACK
2025-10-22 15:38:56, MOVE, v:1, k:poo@roupa, mode:PICK
2025-10-22 15:38:59, MOVE, v:1, k:poo@roupa, mode:BACK
2025-10-22 16:58:54, MOVE, v:1, k:poo@notebook, mode:PICK
2025-10-22 16:58:56, EXEC, v:1, k:poo@notebook, mode:LOCK, rate:100, size:40
2025-10-22 16:59:32, EXEC, v:1, k:poo@notebook, mode:LOCK, rate:100, size:64
2025-10-22 16:59:53, EXEC, v:1, k:poo@notebook, mode:LOCK, rate:100, size:83
2025-10-22 17:00:33, EXEC, v:1, k:poo@notebook, mode:LOCK, rate:100, size:127
2025-10-22 17:00:34, EXEC, v:1, k:poo@notebook, mode:LOCK, rate:100
2025-10-22 17:00:45, MOVE, v:1, k:poo@notebook, mode:BACK
2025-10-22 17:03:01, MOVE, v:1, k:poo@notebook, mode:PICK
2025-10-22 17:03:02, EXEC, v:1, k:poo@notebook, mode:LOCK, rate:100
2025-10-22 17:08:33, MOVE, v:1, k:poo@notebook, mode:BACK
2025-10-22 17:08:36, MOVE, v:1, k:poo@notebook, mode:PICK
2025-10-22 17:08:37, EXEC, v:1, k:poo@notebook, mode:LOCK, rate:100
2025-10-22 17:08:38, MOVE, v:1, k:poo@notebook, mode:BACK
2025-10-22 17:21:59, MOVE, v:1, k:poo@notebook, mode:PICK
2025-10-22 17:22:00, EXEC, v:1, k:poo@notebook, mode:LOCK, rate:100
2025-10-22 17:22:04, MOVE, v:1, k:poo@notebook, mode:BACK
2025-10-22 17:40:48, MOVE, v:1, k:poo@notebook, mode:PICK
2025-10-22 17:40:49, EXEC, v:1, k:poo@notebook, mode:LOCK, rate:100
2025-10-22 17:40:53, MOVE, v:1, k:poo@notebook, mode:BACK
2025-10-22 17:56:12, MOVE, v:1, k:poo@notebook, mode:PICK
2025-10-22 17:56:13, EXEC, v:1, k:poo@notebook, mode:LOCK, rate:100, size:123
2025-10-22 17:56:15, MOVE, v:1, k:poo@notebook, mode:BACK
