2025-10-21 13:13:18, MOVE, v:1, k:poo@relogio, mode:PICK
2025-10-21 13:13:20, EXEC, v:1, k:poo@relogio, mode:FULL, rate:0, size:15
2025-10-21 13:13:23, MOVE, v:1, k:poo@relogio, mode:BACK
2025-10-21 13:25:29, MOVE, v:1, k:poo@relogio, mode:PICK
2025-10-21 13:25:32, EXEC, v:1, k:poo@relogio, mode:FULL, rate:0, size:22
2025-10-21 13:25:34, MOVE, v:1, k:poo@relogio, mode:BACK
2025-10-21 13:33:59, MOVE, v:1, k:poo@relogio, mode:PICK
2025-10-21 13:34:00, EXEC, v:1, k:poo@relogio, mode:FULL, rate:0, size:27
2025-10-21 13:34:03, MOVE, v:1, k:poo@relogio, mode:BACK
2025-10-21 14:29:31, MOVE, v:1, k:poo@relogio, mode:PICK
2025-10-21 14:29:32, EXEC, v:1, k:poo@relogio, mode:FULL, rate:0, size:35
2025-10-21 14:29:43, MOVE, v:1, k:poo@relogio, mode:BACK
2025-10-21 14:50:20, MOVE, v:1, k:poo@relogio, mode:PICK
2025-10-21 14:50:21, EXEC, v:1, k:poo@relogio, mode:FULL, rate:0, size:36
2025-10-21 14:50:24, MOVE, v:1, k:poo@relogio, mode:BACK
2025-10-21 15:12:38, MOVE, v:1, k:poo@roupa, mode:PICK
2025-10-21 15:12:39, EXEC, v:1, k:poo@roupa, mode:FULL, rate:100, size:42
2025-10-21 15:12:47, MOVE, v:1, k:poo@roupa, mode:BACK
2025-10-21 15:12:54, MOVE, v:1, k:poo@relogio, mode:PICK
2025-10-21 15:12:54, EXEC, v:1, k:poo@relogio, mode:FULL, rate:0, size:51
2025-10-21 15:12:59, MOVE, v:1, k:poo@relogio, mode:BACK
2025-10-21 15:24:27, MOVE, v:1, k:poo@relogio, mode:PICK
2025-10-21 15:24:28, EXEC, v:1, k:poo@relogio, mode:FULL, rate:0, size:57
2025-10-21 15:24:29, EXEC, v:1, k:poo@relogio, mode:FULL, rate:0
2025-10-21 15:24:32, MOVE, v:1, k:poo@relogio, mode:BACK
2025-10-21 16:10:56, MOVE, v:1, k:poo@relogio, mode:PICK
2025-10-21 16:10:57, EXEC, v:1, k:poo@relogio, mode:FULL, rate:100, size:114
2025-10-21 16:11:01, MOVE, v:1, k:poo@relogio, mode:BACK
